couldn't dup2???
stderr and fd don't match
couldn't dup2???
stderr and fd don't match
I failed!
couldn't dup2???
stderr and fd don't match
couldn't dup2???
stderr and fd don't match
couldn't dup2???
stderr and fd don't match
I passed!
